Script started on 2022-01-15 18:21:53+02:00 [TERM="xterm-256color" TTY="/dev/pts/4" COLUMNS="211" LINES="55"]
diana@diana-m:~/Documents/art-lib$ ^C
diana@diana-m:~/Documents/art-lib$ ^C
diana@diana-m:~/Documents/art-lib$ npm run meta:readmaps[K[K[K[K[K[K[K[K[K[K[K[K[K[K[K[K[K[K[K[K[Kscript.py
script.py: command not found
diana@diana-m:~/Documents/art-lib$ script.py
script.py: command not found
diana@diana-m:~/Documents/art-lib$ ls
ascii_image.txt  script.py  test1.png  test2.jpg  test.jpg  typescript	venv
diana@diana-m:~/Documents/art-lib$ python script.py
  File "script.py", line 35
    print(colored(f"saved art image to file as {file}", "yellow"))
                                                     ^
SyntaxError: invalid syntax
diana@diana-m:~/Documents/art-lib$ [Kdiana@diana-m:~/Documents/art-lib$ [Kdiana@diana-m:~/Documents/art-lib$ python script.py
Traceback (most recent call last):
  File "script.py", line 2, in <module>
    from PIL import Image
ImportError: No module named PIL
diana@diana-m:~/Documents/art-lib$ source ./.[K[K[Kvenv/bin/activate
(venv) diana@diana-m:~/Documents/art-lib$ source venv/bin/activate[8Ppython script.py
::::::::::::::::::::::::::::::::::::::::::::::::::::::::::::::::::::::::::::::::::::::::::::::::::::::::::::::::::::::::::::::::::::::::::::::::::::::::::::::::::::::::::::::::::::::::::::::::::::::::::::::::::::::::::::::::::::::::::::::::::::::::::
::::::::::::::::::::::::::::::::::::::::::::::::::::::::::::::::::::::::::::::::::::::::::::::::::::::::::::::::::::::::::::::::::::::::::::::::::::::::::::::::::::::::::::::::::::::::::::::::::::::::::::::::::::::::::::::::::::::::::::::::::::::::::
::::::::::::::::::::::::::::::::::::::::::::::::::::::::::::::::::::::::::::::::::::::::::::::::::::::::::::::::::::::::::::::::::::::::::::::::::::::::::::::::::::::::::::::::::::::::::::::::::::::::::::::::::::::::::::::::::::::::::::::::::::::::::
::::::::::::::::::;:::::::::::::::::::::::::::::::::::::::::::::::::;;;;;;;;:::::::::::::::;;;;;;;;;;;;;::::::::::::::::::::::::::::::::::::::::::::::::::::::::::::::::::::::::::::::::::::::::::::::::::::::::::::::::::::::::::::::::::::::::::::::::::
:::::::::::*+;;;;;;;*;:::::::::::::::::::::::::::::::::::::::::::::;;;;;;:::::::::::::::::::::;;;;;;;;;;::::::::::::::::::::::::::::::::::::::::::::::::::::::::::::::::::::::::::::::::::::::::::::::::::::::::::::::::::::::::::::::::::::::::::::::::::
:::::::::::*;,;++:,:*;:::::::::::::::::::::::::::::::::::::::;;;:;;;::;;::::::::::::::;;;++++;;+++;;;;:::::;;:::::::::::::::::::::::::::::::::::::::::::::::::::::::::::::::::::::::::::::::::::::::::::::::::::::::::::::::::::::::::::::::::::::::::::::
:::::::::::*;,:+*:,:*;:::::::::::::::::::::::::::::::::::::::;;:;;:::::::;;;;;;;;;;;;;:,,,,,,,,,::;;;++;:::::::::::::::::::::::::::::::::::::::::::::::::::::::::::::::::::,,,,,,,,,::::::::::::::::::::::::::::::::::::::::::::::::::::::::::::::::::::::
:::::::::::*;,:++:,:+;:::::::::::::::::::::::::;:::::::::::::::::::::;;++;::,,,,,,,,,,,,,,,,,,:;::::::+*++;;;;:::::::::::::::::::::::::::::::::::::::::::::::::::::::::::,,,,,,,,,,,::::::::::::::::::::::::::::::::::::::::::::::::::::::::::::::::::::::
:::::::::::*;,;*++,:+;::::::::::::::::::::::::::::::::::::::::::;;;;;;::,,,,,,,,,,,,,,,,,,,:::++?++***++::::;++;;::::::::::::::::::::::::::::::::::::::::::::::::::::::,,,,,,,,,,,,:::::::::::::::::::::::::::::::::::::::::::::::::::::::::::::::::::::::
:::::::::::*;,,:;:,:+;::::::::::::::::::::::::::::::::::::::::;;;;:,,,,,,,,,,,,,,,,,,,,,,,,+?+::++;;+++:::,,,,::;+;:::::::::::::::::::::::::::::::::::::::::::::::::::,,,,,,,,,,,,::::::::::::::::::::::::::::::::::::::::::::::::::::::::::::::::::::::::
:::::::::::+;,,;+:,:+;::::::::::::::::::::::::::::::::;::::;;+;:,,,,,,,,,,,,,,,,,,,,,,,,,,,;+*+;+*;;:,,:+*+:++,,,,;+;;:::::::::::::::::::::::::,,,,,,,:::::::::::::,,,,,,,,,,,,,,,,,,:::::::::::::::::::::::::::::::::::::::::::::::::::::::::::::::::::::
:::::::::::+;,,:;,,,;;::::::::::::::::::::::::::::::::::;;+;:,,,,,,,,,,,,,,,,,,,,,,,,,,,,:;;*;;;*;+;:,,:;+*++*::::,:;;;;+;::::::::::::::::::,,,,,,,,,,,,,,,,,,,,,,,,,,,,,,,,,,,,,,,,,,,,,:::::::::::::::::::::::::::::::::::::::::::::::::::::::::::::::::
:::::::::::+:,:;;;,,;;:::;;:::::::::::::::::,,,::::::;;;::,,,,,,,,,,,,,,,,,,,,,,,,,,++;::+**;;++$*;:::,,,;++;*+*:,::,:;;;++;::::::::::::::::::,,,,,,,,,,,,,,,,,,,,,,,,,,,,,,,,,,,,,,,,,,,,,,,,,,::::::::::::::::::::::::::::::::::::::::::::::::::::::::::
;;:;+;++;::+:,,+?:,,;;:::::::::::::::::::,,,,,,,,:;+;:,,,,,,,,,,,,,,,,,,,,,,,,,:+++:?+*?*;:,,;+**++++*;,,:++*+++::++;:***;*?:::::::::::::::::::::,,,,,,,,,,,,,,,,,,,,,,,,,,,,,,,,,,,,,,,,,,,,,,,,,,,,,::::::::::::::::::::::::::::::::::::::::::::::::::::
;;;+?+++:;;+:,,;*:,,;;;;;;;;::::::::::::::::::,:;+;:,,,,,,,,,,,,,,;+;:,,,,,,,,,:;++::+****++;,+*;+++*+++;++++:++;+++++*;++++::::::::::::::::::::::::,,,,,,,,,,,,,,,,,,,,,,,,,,,,,,,,,,,,,,,,,,,,,,::::::::::::::::::::::::::::::::::::::::::::::::::::::::
;;;;;*?+;;;+;,,,::::;+;;;;::::::::::::::::::::;+;,,,,,,,,,,,,,,,:::+*;;;+;;:,::,;*?**+*;;+*$$?::;+*+++*?*++??::;++++;+;+;++;:::::::::::::::::::::::::,,,,,,,,,,,,,,,,,,,,,,,,,,,,,,,,,,,,,,,,,,:::::::::::::::::::::::::::::::::::::::::::::::::::::::::::
;;;;;+*+;;;+;,,,;++;;;;;;;::::::::::::::::::;+;,,,,,,,,,,,,,,,,:++++?*+*?+;:++++;;***$$?+;##@S*::;+*?++*;+*+*+,:+++*:;;:,;+**;:::::::::::::::::::::::,,,,,,,,,,,,,,,,,,,,,,,,,,,,,,,,,,,,::::::::::::::::::::::::::::::::;::::::::::::::::::::::::::::::::
;;;;;++;;;;+;,,,,;+:;;;;;;;::::::::::::::;++:,,,,,,,,,,,,,,::,:;;+++*+?S##S$++**+*+;?@@#S*SS##@?*+**+*;;:;+*?*++,*+*+++*:*:;**:::::::::::::::::::::,,,,,,,,,,,,,,,,,,,,,,,,,,,,,,,,,::::::::::::::;::::::::;::::::::::::::::::::::::::::::::::::::::::::::
;;;;;*+;;;;*;,::,+*;;+;;;;;;;;;;;;;:::;;++:,,,,,,,,,,,,,,,:+++*++**:;*?$S#@@S+##$+;;+*S###@@#@###+;*?+:::::;***?+*+*+;*?*+::;;:::::::::::::::::::,,,,,,,,,,,,,,,,,,,,,,,,,,,,,,,,,,:::::::::::::::::::::::::::::::::;:::::::::::::::::::::::::::::::::::::
;;;;+??;;;;*;;+*::;;;+;;;;;;;;;;;;;;;++;:,,,,,,,,,,,,,,,,,;+;**+++*;:::?S$?#SS##@;+SS??#@@@@####$;++::+***;?+++*+;::::;++;;;:;;;++++;;::::::::::::::,,,,,,,,,,,,,,,,,,,,,,,,,,,,::::::::::::::::::::::::::;:::::;:::::::;::;;;:::::::::::::::::::;:;;:::::
;;;;+??+;;;*;:+;::::;*;;;;;;;;;;;;++;:,,,,,,,,,,,,,,,,,,,,,,:;;++*+*++;$@@S#@@@@S?#@@@#+#@#SSSS$$S#S+:+++**;:;*+++;:,,,,,,::;;::,,:;+*+++++;:,::,,::::,,,,,,,,,,,,,,,,,,,,,,,,:::::::::::::::::::::::;;;;:::::;;:;;;:;;::;;;:;:::::::::::;;::;;;:;:;;:;;::
;;;;+?*+;;;+;:??,;;+;*;;;;;;;;;;+*;,,,,,,,,,,,,,,,,,,,:;;;:;++*?**S####**@@@@#SS#@@@@@@S#S#S###@####?+;::;++::?+::+*;,;+++;:,,,,,;;;*?*++*+**+::,:::::,:::,::,,,,,,,,,,,,,,,,:::::::::::::::::::::;;;;:::::::::::;;;;;:::;;;::::::::::::;;;;:;;;;;;;;;;;::
;++;++**;++*+:*+;:;;;*;;;;;;+;;+*:,,,,,,,,,,,,,,,,,,,,;*SS$**####+S@#S##*#@@$$#@@@@@@#SS####@@##S##S+++;:*?$?;*+;,:+*:**;**,,:;::;+**+***?;:+*::::::::::::::::,:::::,,,,,,,,:::::::::::::::::::;;;;;;;;;;:::::;;;;;;;;;;;;;;;;;;;::;:::;;;;;;;;;;;;;;;;;::
+++++?*++++*+;;;+;;+**++++++;+*;,,,,,,,,,,,,,,,,,,,,,,,$@@@$*S#@@?##S#@@@#S?S##@@@@#$$#@####@@$SSS$?$SS$;*$?$?;*;,:**+++*:;;:+++*+*+;:+;*;,:;;::::::::,::::::::::::::::,,,,,::::::::::::::::;;;;;;;;;;;;;;:;;;;;;;;;;;;;;;;;;;;;;;;;;;;;;;;;;;;;;;;;;;;;;;
+++++$$+++++++++++++++++++++*+:,,,,,,,,,,,,,,,,,,,,,,,,?@@@S?#@@#@SS@@@@@?*$@@#@#@#??#@@@@SS#S??$###@@@#S#????+;;;;*+++**+??*:*;;?;::::+;;;;;;++;:::::::::::::::,:::::::::,::::::::::::::::;;;;;;;;;;;;;;;;;;;;;;;;;;;;;;;;;;;;;;;;;;;;;;;;;;;;;;;;;;;;;;;
++++;??++++++++++++++++++++*:,,,,,,,,,,,,,,,,,,,,,,,,,,*@#@$S#@###S@@@@@$*?@#@##@S*$#@@@@@@#?*S#@@@@@@#@@$+?+;::**+;:::??*;;*+;,:;,;**;::,,,,;??*+::::::::::::::::::::::::::::::::::::::::;;;;;;;;;;;;;;;;;;;;;;;;;;;;;;;;;;;;;;;;;;;;;;;;;;;;;;;;;;;;;;;;
+++++++++++++++++++++++++*+,,,,,,,,,,,,,,,,,,,,,,,,,,,,:$#@S#@##@SS@@@@S+?@#S@###??#@@@@@#$$S#@@@#S#@@@###@$+,,:++?;*+:;+*;:;;*+*+*+*++;:;+;,:+*++*+::::::::::::::::::::::::::::::::::::::;;;;;;;;;;;;;;;;;;;;;;;;;;;;;;;;;;;;;;;;;;;;;;;;;;;;;;;;;;;;;;;;
+++++++++++++++++++++++++:,,,,,,,,,,,,,,,,,,,,,,,,,,,,,,,*#S###@@$#####??S@#S#@#$$S@@#@@#*?#@@@#S##@##S###$*::::++?***:*??***+;*;;?$*;:,:+*?;*+;::++*::::::::::::::::::::::::::::::::::::::;;;;;;;;;;;;;;;;;;;;;;;;;;;;;;;;;;;;;;;;;;;;;;;;;;;;;;;;;;;;;;;
+++*++++++++++++++++**+:,,,,,,,,,,,,,,,,,,,,,,,,,,,,,,,,,,;*$$S##??$S#S*$##S##@S?S@@#S@#?*#@SS@##@#$???$$??$*+?+++*;:?**:;+*+?+;,,::**;,;+;*?;:::::*+::::::::::::::::::::::::::::::::::::::::;;;;;;;;;;;;;;;;;;;;;;;;;;;;;;;;;;;;;;;;;;;;;;;;;;;;;;;;;;;;;
***+++++++++++++****;:,,,,,,,,,,,,,,,,,,,,,,,,,,,,,,,,,,,,,,,::;:,,+$#$**?S##@#$$###@@@S?S@#S#@#@S+***+????$*+::::+;:*+*;++++*;::,,:;*?*+*?:*:::::::::::::::::::::::::::::::::::::::::::::::::;;;;;;;;;;;;;;;;;;;;;;;;;;;;;;;;;;;:;;;;;;;;;;;;;;;;;;;;;;;;
++**+**+++****???*;,,,,,,,,,,,,,,,,,,,,::;;:,,,,,,,,,,,,,,,,,,,,,:;;::*$S#?S@@$??@$S@@S$S@@SS#S@#?+?****;:;+;::::***?+;+?;*;;+;+*;,,:+*?;+?*+:::::::::::::::::::::::::::::::;:::::::;;;;;;;;::;;;;;;;;;;:;;;;;;;;;;;;;;;;;;;;;;;;;;;:;;;;;;;;;;;;;;;;;;;;;
*********???$?*+:,,,,,,,,,,,,,,,,,,,::;;;**;,,,,,,,,,,,,,:,,,,,,,;+*?;:;?@##@@$+$@S#@@*?###@@@@#$???$?+::::::::::;;:;*:;;;*::;*++*:,,:+++;++++++:::::::::::::::;::;;;;;;;;;;;;;;::;:;;;;;;;;;;;;;;;;:;;;;;;;;;;;;;;;;;;;;;;;;;;;;;;;;;;;;;;;;;;;;;;;;;;;:;
S$$$$$$?*$$*+:,,,,,,,,,,,,,,,,;:,::;;+++++*:,,,,,,,,,,,:***++;:,,,:+?$S#+S@@@#$?#@S#S#*S@@S#@@@S$??$?;:::::::;:::;:;+*+++*++:+*+:+++*:,;*+*;+?*?*+;:::;:;;;;::;;;;;;;;;;;;;;;:;;;;;;;;;;;;;;;;;;;;;;;;;;;;;;;;;;;;;;;;;;;;;;;;;;;;;;;;;;;;;;;;;;;;;;;;;;;;
$$$$$$$?+;:,,,,,,,,,,,,,,,,:;;++++++++++*;,,,,,,,,,,,,:;;**;+*::;;,,:$@@####+;??SSS###*#####@@#$$?*$+;;;;;;;;;;;:;;**+;;;?*+:;:;;***?*::+**?;?;+*?;;;;;;;;;;;;;;;;;;;;;;;;;;;;;;;;;;;;;;;;;;;;;;;;;;;;;;;;;;;;;;;;;;;;;;;;;;;;;;;;;;;;;;;;;;;;;;;;;;;;;;;;
$$$?+;:,,,,,,,,,,,,,,,,,,,:+;*+++++++*;+++:,,,,,;+;;,,,+?++;+*++*;,,,:+?$?+;::;;?SSSS#$###@#@@#??*??;;;;;;;;;;;;:;;;;;;;;*+;:;;;;;;:*+:,+*+?+;;;++;;;;;;;;;;;;;;;;;;;;;;;;;;;;;;;;;;;;;;;;;;;;;;;;;;;;;;;;;;;;;;;;;;;;;;;;;;;;;;;;;;;;;;;;;;;;;;;;;;;;;;;+
+;:,,,,,,,,,,,,,,:,,,,,,,;**;**;;:;;?*++?*;;::,,:**;,,+*?*++++++?;;+;,,,,,,:+?S+$@S@##$#@@@@@@S?*?$*;;;;;;;;;:;;;;;;;;;;;;;;;;;;;;+**++:;*?$*;;;;;;;;;;;;;;;;;;;;;;;;;;;;;;+++++++++++++;++;+;;;;;;;;;;;;;;;++;;;+;++;;;;;;;+;;+++;;;+;;;;;;;;;;;;;;;;;+*+
,,,,,::;;++;,:;:;+;,,,,,,+*++;:,,,,,:++;+++***+;;;+:,,:::*+;::;++;;;**:,;+;:+;*?S#S+;;*$$?$S#S$?*?$*;;;+;;;;+++++++;;++;;;++;;+;;;*?++**+?**??;;;;;+++;;;;;;;;+;+++++++;+++++++++++++++++++++++;+;;;+++;;;;++++++++++++++++++++++++;+;;;;++++++++++;+**+:,
,,,,:;++++++;;?**+;,;;:++**+;;:,:,,,,,,;**++***;,,:,;++*;+;,:;++:::;++*;*++++:,:;;;;*++;+?###S$$$$$*++++++++++;;++++++++++;+;++;++;;;+??*++;?*+++;+++++++++++++++++++++++++++++++++++++++++++++++++++++++++++++++++++++++++++++++++++++++++++++++++**;:,,,
,,,,,:+?++++;;+?+*+;***$$$$???+;;;;::*;+*+++?*;,,;++;;*?S$?;*+*?*;+?$??+;::;+:;+;:++?***++S@@@$$$$$++++++++++++++++++++++++++++;+++++++++++++++++++;+++++++++++++++++++;+++++++++++++++++++++++++++++++++++++++++++++++++++++++++++++++++++++++++*?+,,,,,,
,,,,,,,,:++++++*+++++++++S#S$$$;;S$;++**+++****::;::+:;?@##S#*;$S$:$S@#?,::;*?+*;;;:?$S$#S;#@@S?$$?++++++++++++++++++++++++:;++++++++++++++++++++++++++++++++;+++++++++;++++++++++++++++++++++++++++++++++++++++++++++++++++++++++++++++++++++++?*:,,,,,,,
,,,,,;;;**?++*++*?*+++;$$S@#$??S#@#SS::;;;;:+*++*+;;+:,?@##@#**@@#$S?##$;$S*;;+;;+S*?@@SS#$##@#$?$*+++++++++++++++++++++++++++++++++;;+;+++++++;+++++++++++++++++++++;++++++++++++++++++++++++++++++++++++++++++++++++++++++++++++++++++++++++*?;,,,,,,,,,
,,,,,*?*??*+;+:;*?+++;;;+#@S**S@####S:,,,:;;::*;++++;:,;S#####S$SS@#$S@SS$@S:++:,:+*$@@#$#@S#@@$?$?++*+++++++++++++++++++++++++++++++;+++:;++++;++;:+*+++++++++++++++++;+;;++++++++++++++++++++++++++++++++++++++++++++++++++++++++++++++++++?*:,,,,,,,,,:
;++;;*+?+;+*+?*+++**;;*$+*S$?*S@#S#S$$;,:;;+;,:++;+;:,::;;+?$#$+:;?##$###SS$*##+;SS?*$@@SS@S@@@S?$$++++++**++++++++++++++++++++++++++;+*+;*++****+++**+*+++++++++++++*++;+++*++++++++++++++++++++++++++++++++++++++++++++++++++++++++++++++*?;,,,,,,,,,,**
;+*+++++*++;+*+*+;;;+++***+,;**$#S#@S#*;;++;:;;;+;::,:;++++;::,:;;*#@S$###SS@##??@##$?#@#?#@@$##??$?++*++****+++++++++*+*+**+++*++*+;+**++*;+++++++*+***++****++**+++*+*+++++;++++****+++++++++++++*++**+**++++++**+++++++++++++++++++++++**:,,,,,,,,,,,;+
++++++;;;**$##+*::+*+;::;*$;$?$*S@###S*:;+*++++*+:;::+;+++;,;+;***+#SS$$#S#SS##$##S#S$S##$$@@@##S?*$++*+*+******+++*++*++***+****+****+*++**+;+*******+++++**+++++*+**+++*+*++++***++****+**+++++*+**+****+*+++***+*****+++++++++++++++**?+,,,,,,,,,,,,,,;
::;;****+;+S#@S#$+$$$*?+:*#S?*?$##SS#*+*+:+++**?;+;++;:++:,,**++*??;+?$*$###SS@S#S$##S?###?#@@$$@S*$*+*+*+***************************+**++***++*******+****************++***********++***********************************++++++*?++++*$S*:,,,,,,,,,,::;:,*
?+*+;:$$*+;+?###@$S$S@@#?;#@?**$##$$*+*?*+;;:;+;*?$S#$:+*+:+;:::;+S+S@@S*$S@#?###S@###$$@##$@##@@@$?$*+************++***********++***+****++**++*************************;************************************************++++?#$++*?SS+,,,,,,,,,,,:*+**+*
++*$$++##S+++*S##@#?S###$+###??+?####$;;::;SS$?:+$###$$+******;**;+?$S#@#S?S##S#@@S#$##$S#SSS####@#S$$***********+**+*********+******++;;*****+******************************************************************************$$*$$*S#?:,,,,,,,,,,+++*?*???
::;S@#$@@#+::;+?###??##S$###@#$*?$S$?+::*?*@#S#+??$###S**;;;+?$@##?*$?S###S?#$S###?$$SS#SS##S####@@#$S$*************+***************+;++*+*********************************************************************************?S#????+*+,,,,,,,,,,,,;+++??$$?
,,::+?*++:;;;++***?$?SSS#@###@S*$?*?$$$*;?$@S##$?*$$##S##?:+*+:S#SS$#$?S@###SSS#$;:,,,;?##SS###@@###S#$$*+***************+*******+****************************************************************************************?$###$+++:,,,,,,,,,,::,+**++**$$
;:,,,,,:;+***+**???$$S#@#S#####S**?$S##++$?S@SS#$?*?$####?*S##?;SS##S#S?$##S#S$*,,,,,,,,:;+*$SS##@##@@#$$?***********+****************;+*****+*************?**********************************************************???$S##S$++;,,,,,,,,,,,,+*+++*++???$
*+,:;;:;**?**+++$$*?##S$SSS#####$$?$*??$#S*?$##S#S;+?$S#SS#SS##*?#S##S$#$$SS##+,,,,,,,,,,,,,,,::;*#@#S##$$?**+*++****?***********;+?**++***+**?********************?***************??******************************???S$$SSS?+*+:,,,,,,,,,,,,,::;+++$SS##$
;*;+;++;++*+++++;:;;+*;:+??SS#SS@#S$?$$S@##?*$##$@#S?*$$S#@#SS#S####S##$###S$;,,,,,,,,,,,,,,,,,,,,;S####@$$?**?**?????*?*;*???*?***??*+**;+?****????????*?????****+*??**+**??****????****?*????????????????*???*??*$$S??$SSS$*:,,,,,,,,,,,,,:;::+*+;?#@###
*+;::;;;:;+**+++::;+:;$**$?$S$S#####S$??S####?*$#####$$??$$#@###@@##$S#S##$+:,,,,,,,,,,,,,,,,,,,,,,:*#####$$$??????*;*??*???*?*???????+*?**???????????????????????*???**??????????????????????????????????????$S$$$$$S+*S#S?:,,,,,,,,,,,,:,,+*+?$$?$S#####
+++:+*+,***?*++;,+*?$+??**+**?$SSS####S$$?$S##$$$$S##@#S$???SS#####@$$@S*;,,,,,,,,,,,,,,,,,,,,,,,,,,,;$####S$$??????*??*+$$????????????????????????????????????????????????????????$???????$??????????????????SSS#*+$S##S*:,,,,,,,,,,,,,**+++$$?$SS$$SS$$S
:;+++**;++*+++;,,::,+*???*++++?$?$$$$SSSSS$??S###S$$$$##S$$*??S###@S@#?;,,,,,,,,,,,,,,,,,,,,,,,,,,,,,,;*S###SS$???$?$*:;$$*?$$$$$$$$$$$$?$$$$$$$?$$$$$$$$$$$$$$$$$$?$$$??*$$$?$$$$$$$$$$$$$$$$$$$$$$$$$$$$$$$SS?$SS$S#S*;,,,,,,,,,,,,,,:?$S?$S##SS##SSSSSS
+++:;+*;;+*;::,:+*?;+$S?$?*?$$?++++*???SSSS$$$?S####S???S@@SS$*??$S#S+,,,,,,,,,,,,,,,:,,,,,,,,,,,,,,,:*;;*S#@#SS$$$$$$?$$$$?$$$$$$$$$$$$$$$$$?S?*$$$$$$$$$$$$S$$$S$?$$?S$$$SSSSS$SSSSSSSSSSSSSSSSSSSSSSSSSS$$S?*$#S#S*;,,,,,,,:;:;;:,:+??$###@#########@@@
;;;$$$$$;;*+++;+SS#S;$SS$$$$?*++*?**??$$?*??$$$SS$#S#S#$SS##@SSS$$?+:,,,,,,,,,,,,,,,:;+;:,,,,,,,,,,,,,:**::+$####SS$SSSSS?S$$SSS$SSSSSSSSSS??SSSSSSSSSSSSSSS$*:::;?SSSSSSS?SSSSSSSSSSSSSSSSSSSSSSSSSSSSSSS*+SSS$S$$+:,,,,,:;::;++??*$SSSS###@@@#####@@##S$
;;;S@@@@$+S#SS*+S@#$+$S$$$$$$$?$?*?*?$???*****?$??$$**?$$#SSSSSS?+:,,,,,,,,,,,,,,,,::::+;,,,,,,,,,,,,,,,;+*;,;*$######SSSSSSSS$S#SSS$#SSSSS$SS$SSSSSSSSSSSS*:,,,,,,:?S##SS#SSS##SS####S##SSSSS####S#####SS$??*+**;:,,,,:+;+++++++?$S@@###########@##S?*++*
::;#@@@#*S@#@@S?*@##?;+*?$$$SSS$?$$?????*?????**+**;;;+*+***+;;:,,,,,,,,,,,,,,,,,,,*+;?:,,,,,,,,,,,,,,,,,:*+:,,,:;?$SSSS#S$##$#SS##SS#S####S##SS###SSS#S$*:,,,,,,,,,,;$####SS###SS###################S$?*++++++:,,,,,,,:;;++*?*****?$S######@@##$?*++++**;
,,,$@###SS@#*S@$?S##@S+;**?$S$$$$$$???????***?*$$;:???$+;:,,,,,,,,,,,,,,,,,,,,,,:;::*:;:,,,,,,,,,,,,,,,,,,:?*;,,,,,,,:::*S##SS#SS#####S##############S?;:,,:,,,,,,::,,,+?S#####################S?$$?*+;;++++;:,,,,,,,,,,,*$??SS#####SS###@##$*+;;;+++*+:,,
,,,:S@###SS#S$#S#SS#@S#$+*?**?SS$$$$$$$$$?*?$SSSS?*$$*;,,,,,,,,,,,,,,,,,,,,,,;+;;;+++;+;,,,,,,,,,,,,,,,,,,,:++;;,,,;;:;;:;?SSS#############$??$S###$*;,,,:;;,::,,:;;,,,,,;*$###########S$S#S$$?*+;;;+++*+::,,,,:;:,,:;:::*???$$###@@###S$*;;;;+*???*+:,:;+
,,,,:$@@##SSSS####SSS#@@#$****?$?$SSSS$$$++*?$$$$?*+:,,,,,,,,,,,,,,,,,,,,,,,,::;:,,:,;*?::,,,,,,,,,,,,,,,,,,,;+*+,,:+**;;;;;*S#S############S$*++??++?***S#S+S+,,:+*;::,;;,:;*$S######S?***++;;;++**+;::,,,,,,:+*++:**++++++??**?????*;;;+*??$$$$$*:,:;+++
,,,,,:*S@@#S$#######SSS#@@SS**??**+?$$$$S*;++++;::,,,,,,,,,,,,,,,,,,,;:+;:,,+++::;+:,+**++;,:*+:,,,,:;:,,,,,,,:;*;,:*+;:;;;;::*$###########$$?$S$*++++*?#####@?;*S###?$$?S+;;+*$SSSS?++;;;;;+****+:,,::;++;**:;**+++$$?**?$$$$?*+;:::;++*$$$$$$?+:::;+++++
,,,,,,,,;?$S####@@@@@@#SSS$$?;;:::,,:::;+;;::,,,,,,,,,,,,,,,,,,,,,,:++*+;:,,::;*++;*:++;;;+;:;+*:,,:;++;:,::,,,,:+,,;;*;,::::,,:;*$#@#@@#SSS$$SS#@#S?*;;*$SSSSSSSS$$SSSSSSS$$$S$$S$SS?*+**?**+;:,,:;+**+++*$?+?$?*$?*?$$?+*+;;::;;++*?$$$$$$$?;::;++++++++
,,,,,,,,,,,::;++*****++;;::,,,,,,,,,,,,,,,,,,::::::,,,,,,,,,,,,,,,,:;*;;;,,:+:;+*+;**+;:,,,+;,++++:;++*;;:;*;,,,,;+;+:??+:,,,,,,,,:;*?$SSS#@@@##@##@@##$?*?$SSSSSSS$SSSSSSS$$$$$$S$S$?*+;;:,,::::::;;+*$$???$$$$$$$?*++;;;:;;++++++++***?**+;:;+++++++++++
,,,,,,,,,,,,,,,,,,,,,,,,,,,,,,,,,,,,,,,,,,,,:+;;;;;;::,,,,,,,,,,,,++++:::+;:+++**+++;:,,,,,;;::+;++;++$$*+;*+:,,,,:*+++*??;,,,;?+:,,,,,::;++?$SSS####@@@@##SS##SSSSS$$$$?$?*$?***+;::,,,,,,:;*++**;;;;*$$S$$$??*+;;;;;;;++++++****??$$SS*;::;++++++++++*??
,,,,,,,,,,,,,,,,,,,,,,,,,,,,,:;;:,,,,,,,,,,,:+*+;;;;;;;:,,,,;+;;::+;;:;*+*++*+;+*;:::*+:;;,++++*++**+?$$$?::++;,,,,:+**;+?$+:,;*$$*:,::,;;+;;;;;;;+++*???$$$$$$$?*****++;;;;:::,:;,,,:*;++;?S$$?$$?*+*?**++;;;;;;++++++++*??$$SS#####S*;:;++++++++++*?$$$$
,,,,,,,,,::::::,,,,,,,,,,,,,;;;;;;,,,,,,,,,,,,::+;;;;;;;;,,,;+;;+*+**:;;*+;++;;::,,,:;*++**++;+*+*??+**?$$?:+++;,,,,:*?$?*$S?;:;+*$S?+;::*$?*+;;;:::::::::::::;::+;::;;::;::+;;:;****?*+$$???**++;;:::,:;;;;;+++++++++***?$$$SSSS##$+:;;++++++++++++??$$$$
,,,,,,:;;;+++++;:,,,,,,,,,,,:+;;;;:,,,,,,,,,,;;;+++;;;;;;;,,,:;+*+;;::++;;;:::,,,,,,,:;+;++*++;:*?****$+*$$?*++*+:*;,,:;?S###S+:;+*$SS*;++?$$$?+++;::,,,,,::::::::;;::;;;;;;;;;;:;;;;;::::,,,,,,:::::,,:;?$$$$$SS$$$$$???SS####SS?;:;++++++++*??????????$?
,,,,,:;;++*+;+++++;:,,,,,,,;;*+;;;;,,,,,,,,,,;;+;++;;:+*;;:,,,,,:,,,,,:*::;;,,,,,,,,,,,,;+*++;:,+?$$*+$$++?$*+?$*;+$+,,,,+#@###*:;?S$S#S*++$S$$$?+++;;:,,,:;;;;::,,,,,,,,,,,,,,,::::::,,,::::::::;;+++;;;;+*?$SS#########SSSS$S?;,:+++++******??$$$$S#####
,,,,,,:::;$*++*+*?*+*:+++:;***+;;;;:;;:,,:;;;;:+::::::,;*+:,,,,,,,,,,,,::+***:,;;,,,,,:+****:,,,:S#S@$*$?+;+*+::*?;*$*,,,,:?S###$;;S##SS#$**$##SS$*++++;;:,:;++++;;::,,,,::::::,:*??*++;:::;;+++++;;;+++++*++++++*******++++++:,,,:;;+?$$S########SSSSSSSS
,,,,,,,,,,;;;;,;****?**++**+;;;;;;;$#@$,:;;;:;;:,,,;+++;+;:,,,,,,,,,,:;+?*;++?++*;,;*;;+++++,,,,:SS$##S$??*;;++;*$$?$$+:;:,,:+?S##??######S$??S####S?+++++;:::;;+++++;;::;;++++;;:;*$SS$?*+;;::;+*????????$$SSSSSSSSSSSSSS?+:,,,,,,,::::;+*?$$$$????**++++
,,,,,,,,,,,,,,,,,;+++;:::++;;++;:,+S###*+:;*+:,,:;:+;;??*:,,,,,;+:,,,:;++?+++**++*;*+*+;*:,++:,,,;###S#$??SS*;;+*?$$$$$*+?+:,,,:+?S#S#######S$??S####S?*+++++;:::;++++++;;;;;+++++;;;;*?$SSS$$?*+;;;;*$$SSSS###########S?;,,,,::::;;;;;;::::::::;;++*?$$SS
,,,,,,,,,::,,;++::*??;+*+,,;;;;:;+::S#S$*+++*;;,:::++;;::,,:;;;:++,,,:+;+?*?+**++?++:;**;,:;:;:,,,+#S##S?$###$+;;+?????$$**?+*;:,,:;*?S########S??$####S$?*+++++;::;$SS$$?*+;;;;++*$$?**+**?$S####SS$$??????$$$$$$$$$$*:,,:;;;+++++++++++**???$SS###@@@@@@
,,,,,,,,;***;:;**+*S@#SS#;+*?+;+##+?#S$$?++*+++:;+:;;,:+;:,;++++*?;,,:;++++?*+?;*?;,;++:;?*+;+;:,,,*#S#S$$#####?+;;*$$????+?S$$$?+;:;+;+?S#######S$?$S#####S$?*+++;;;*$#@##SS$?*++;+$S####S$$?$$$SSS############SS?+;,,:;+++++++++++**$SSS####@@@@@@@@@###
,,,,,,:*$####S;:+??*?##S#SSSS$:*####S$$S?*;++**+;**;:,**++*;*+++++?,,,+;::**+**+***:+*+:+*+*+:;;:,,:?##S#$?#####S*+;+$SSS$?$$??$$$$?++??*+*?S#######S$$########S?*+++;;;*$########S?***?$SS#####$???*?*????$$SSS$+:,,:;++++*******+***?$$$SSSSS$$?***++;;:
,,,,,*S#@#$###S:?@##?$#S$S$SS$?S$$$$$$$*;;;+++;;;:;;+*;+;;*+;:;;?+;::;*+*:*++*++*+;;;?$?+*++*;:++:,,,+S#$#$$S####$S?+*$S$$$S$$$$$??$S???$$?*++*?$SS###############SS$?**;;;*$S#########S$??**$SS?SSS$*?S*:;$?*;:,,,,,:+++++??$SSSSSSSSSSS$$??+;;:::;;;+++*
,,,;$####S$$?$$?$$S##$$SS#S###@#*????*;,:++++++;:,;+;*+;:::;;,,,,:;;,:?+$**++:*###*:$$$??**++**+::,::,:?$##S?$###S$SS?++?$$$$$SS$??$$SS$$????$***++*??$$SS#############S$?*+;:;*S#SSSSSSSSS$$$S#S$$SSSSSS*+;:,,,,,,,,,:::::,:::::;;;;;;;;;;;++*?$$SSS#####
,,;#@#S$$?****S###S#$$SS##S$SSS*:::::;;+;++:,:$##S*;;:,:;;++**:,+*+*++*+*+++;,$###$?$?*+*$$$**;::++++;:,*#S##$$S##S$$S#$*;+*++????$$?$$$$S$$SSSS$++++++++****??$S$S?S#######S$?*+*$S?;+S$S*;?$S?:+S$S$?+;:,,,,,:;+*****????????????????$$$$$$$$$$S###@@@#@
,:S@$$$$##$::;*?$##$$####$**$$S$$:,,:$S#$?#S+:S#S#SS#?,:++;+++*;?++?**+++++;,,;$##SS##S$?S$$?*,:;;+?+++:,;$##SS$$####SS##S*+++?++;+*+++?$$?$$$$$S?+;;;;;;;;;;;;;++++++********?$+:$#S*+$$S?;*S#S*??*;:,,,,:::;+?$$$$$$$$$$$$$$$$$$$$$S########SSSS########
,*@$$SSS#SS$$?$S??$*$###S?+$#S#SS;;+*$####S#$;SS#####?;??+:::+?*+++;;::::::,,,,,+$S$S###SS#S**:;S?*+;;;:,,,;?S##SSSS####SS#S?+++*?$******+++*?+++*;;;;;;;;;;;;;;;;;;;;;;;;;;;;+*?*+**???*?$$$$*+;:,,,,::;;++++**?$S###SSSSSS#########SSS#########@##@###@#
:S#?##S#S?S######S??###SS*$#$##S$$SSS+$#S##SS###$SS#S$###S:,,:::::,,,:;,,,,,,,,,,,,,:+$#####**$**$$$;,,,,,,,,:;?#####SS#######$?+;+*********?????**********$+++++++++++?*;;++++++++++?++;++;:,,,,::;;++***********?$$S##############SSS$$?**+;;;;+++++++**
:#S?#SS#$?##S#####?*####$?S#######$##S#$S#SSS##?S#S##SSS+:,:;,,,:;:,;S#$;:,,,,,:*$?+,++;+*S#S?$S*S#S$+,,;;,,,,,,;*$S##S$SS####SSSS?*++*******************??***????????????**???????*++::::::::;++***??$$$S######SSS$$?$$$$$$$$?*++;::::,,,,,,,:::::::,,,,,
:S#$###S$?##S#S###?*S###$$##SSSS#$$#S#S$S$##*SS$#SSSS##S+;;+;,,:++*+;####$;,+;,:;###*+++?+;S#$?$$####S;,;**::;;,,,,:*S##SSSS####SSS#S$?***??*************?***???????????$$$$?*++;::,,,,,*??$$$$$$$#####SS########@@@#####S$*;:,,,,,,,,:::;;;++++++++++;;;;
[0m(venv) diana@diana-m:~/Documents/art-lib$ [K(venv) diana@diana-m:~/Documents/art-lib$ [K(venv) diana@diana-m:~/Documents/art-lib$ python script.py
::::::::::::::::::::::::::::::::::::::::::::::::::::::::::::::::::::::::::::::::::::::::::::::::::::::::::::::::::::::::::::::::::::::::::::::::::::::
::::::::::::::::::::::::::::::::::::::::::::::::::::::::::::::::::::::::::::::::::::::::::::::::::::::::::::::::::::::::::::::::::::::::::::::::::::::
::::::;;;;;;;:::::::::::::::::::::::::::;;;;::::::::::;;;;;;;;::::::::::::::::::::::::::::::::::::::::::::::::::::::::::::::::::::::::::::::::::::::::
::::::+;:+::+::::::::::::::::::::::::;;;::::;;;;;;;;;;;;:;;;;;::::::::::::::::::::::::::::::::::::::::::::::::::::::::::::::::::::::::::::::::::::::::
::::::;;:+;:+::::::::::::::::::::::::::;;;;;:::,,,,,,,,,:;;;;++;;;;::::::::::::::::::::::::::::::::::,,,,,,,::::::::::::::::::::::::::::::::::::::::::
::::::;;:;;:;::::::::::::::::::::::::;;;::,,,,,,,,,,,,:+;+++++::::;;;:::::::::::::::::::::::::::::::,,,,,,,:::::::::::::::::::::::::::::::::::::::::::
::::::;;,;:,;::::::::::::::::::::;;;;:,,,,,,,,,,,,,,,,:*+++;:,;+;+:::;;;;::::::::::::,,,,,,,::::,,,,,,,,,,,,,,::::::::::::::::::::::::::::::::::::::::
::::;:;:,;:,;::::::::::::::::::;;:::,,,,,,,,,,,,::;;:;+;;**;::,;+*+::::;++;::::::::::,,,,,,,,,,,,,,,,,,,,,,,,,,,,:::::::::::::::::::::::::::::::::::::
;;+++:;;,+;,;;;;:::::::::::,:;;:,,,,,,,:;:,,,,,:++;+*+;:;+++++:;+++;++++++;:::::::::::::,,,,,,,,,,,,,,,,,,,,,,,,,,,,,:::::::::::::::::::::::::::::::::
;;;*+;;;,:;;;;;;:::::::::::;;:,,,,,,,,:;+*;+;:::;***+;$S+:+*+**+*+:+++;;;+;::::::::::::::,,,,,,,,,,,,,,,,,,,,,,,,,::::::::::::::::::::::::::::::::::::
;;;+;;;;,,+;;;;;::::::::;;;:,,,,,,,:::+++*?SS?*?+++##?###?+**;:;**+;**++;;++::::::::::::,,,,,,,,,,,,,,,,,,,,::::::::::::::::::::::::::::::::::::::::::
;;;*+;+;;;;;;;;;;;;;;;;;;,,,,,,,,,,;+*+*;:+SS#S#$+??S@@###++;;+;++*+;;;++;;;;;;;:::::::,,,,,,,,,,,,,,,,,,,::::::::::::::::::::::::::;:::::::::::::::::
;;+?+;+;+;:;++;;;;;;+;:,,,,,,,,,,:::;++*??*S##@#S#@#$##S#SS#+++*;:*;;;,:::::,:;**+++;:,:::,,,,,,,,,,,,,,::::::::::::::;;::::;;;:::;;::::::::;:;;;;;;;:
;++*++++++:;++;;;;++:,,,,,,,,,,,:?S??SS?@##$@#S#@@#########S*+:*?++;:*;*+;,:;;*++**;+:,:::::::::::,,,,,::::::::::::;;;;;;:::;;;;;;;;;;;:;:;;;;;;;;;;;:
+++?++++++++++++++:,,,,,,,,,,,,,,S@S$@@SS#@#?S##@#$S@@##$$SS##$$??+;;+++*++;+++::;;:;+;::::::::::::::,,:::::::::;;;;;;;;;;;;;;;;;;;;;;;;;;;;;;;;;;;;;;
+++*++++++++++++;,,,,,,,,,,,,,,,,?@S###S#@@?$####?#@@@S$S###@@@S?;:+*;;+*;++;;;++;:::**+::::::::::::::::::::::::;;;;;;;;;;;;;;;;;;;;;;;;;;;;;;;;;;;;;;
+++++++++++++++:,,,,,,,,,,,,,,,,,,*S##@S##S?####$S@#@?$#@####S#S?:;+***+**+++;**;:+*++;;*;:::::::::::::::::::::::;;;;;;;;;;;;;;;;;;;;;;;;;;;;;;;;;;;;;
**+++++++***;:,,,,,,,,,,,,,,,,,,,,,:+**;*S$?S#@S$###S$#S#@S?**???+;;+;**;+**;,,+*;+++:::;:::::::::::::::::::::::::;;;;;;;;;;;;;;;;;;;;;;;;;;;;;;;;;;;;
****+**??*;:,,,,,,,,,,,:;;,,,,,,,,,,,,,:+;+$S##?SS##$#####?*?*;:;:::+++;++;+++,:+*+*+;:::::::::::::::;;;;:::;;;;;;;;;::;;;;;;;;;;;;;;;;;;;;;;;;;;;;;;;
$$$$??*+:,,,,,,,,:;::;;+++,,,,,,,;++;:,:+?$?@#S?###$$##@@S??*::::::::;*+++;+;+++:++++**;:::;;;:;;;;;;;;;;;;;;;;;;;;;;;;;;;;;;;;;;;;;;;;;;;;;;;;;;;;;;;
$$?+;:,,,,,,,,,,;++++++++:,,,;;,,+*++++:,;$S?+;*$S#SS#@@#???;;;;;;;:;+;;+*;;;;+*;:*?+;++;;;;;;;;;;;;;;;;;;;;;;;;;;;;;;;;;;;;;;;;;;;;;;;;;;;;;;;;;;;;;;
::,,:::,:::,,,,+*+;::;*+*+;;:++,:+*+;+*;;;,::;**S#$?S###S???;;;;;;;;;;;;;;;;;;**+;*?*;;;;;;;;;;;;++;;+++++++++++++;;;;;;;;++;+++;;;+++++;;;;++;;;;;++;
,,,;+++;+*+:;;+**;::,,:;*+**;:::+++::+;:+*++++;;+++++*S#$$$?++++++++++++++++++++**++*++++++++++++++++++++++++++++++++++++++++++++++++++++++++++++++;:,
,,,:;++++*++***S$?++?;++++**::;;;$#$?+$*?S$::;++;;*$$$$@#$$*++++++++++++++;+++++++++++++++++++++++++++++++++++++++++++++++++++++++++++++++++++++*;,,,,
,,,++**+++?++;*##?$#@S;::;;+++;;,$@@S$##SS#*S*;;;*?@S#S#@$$*+++++++++++++++++++;++;+++++;+++++++++++++++++++++++++++++++++++++++++++++++++++++**:,,,,,
;+;**+++*+++;**??*S###?::+;:++;::;*?$?;*#S##S$S*+$?S#S###$?*+++*+++++++++++++++;++;++++++++++++++++++++++++++++++++++++++++++++++++++++++++++*;,,,,,:+
;+++++*$?+:++;;*+*?S##S;;+;++;::;++:;;++SS$####S##S$@SS@##??+++****+++*****+**++*++++++++**++*++++++++*+++**+**++++++*****+++*****++++++++***:,,,,,,,;
;;;*?;*S#S?$$$+?#*?#SS**++;+*+*?;+;:+;+?+$$?##S##S#$S#S#S#S?*+*******+**********+*+**+**************++****************************+++*$+*?$+:,,,,,;;;+
+*$*SS++$##$S@$$@$*$#S?;;+$?;?##$+++*+**?S@#$SS#@#S#S#SS##@S$********+*********+++**************************************************?$$?$$;,,,,,:;+*??
,:?$?*;;+?$$$#S###$??$?+*$##$?$##$*;**#S$$$##SS#$;;+$#S##@@#SS?*****************+**************************************************?#S*+;,,,,,,::*+*?$
;,,::+**+*??SS#####??$S???S##$+$##$$#??###$$###+,,,,,:;*??S###$?*************+**++**********************************************??$S$?+:,,,,,,,+++*?$$
+;;+++*+++;;*++?SSS#S$?$#S?$S#S??$##S#S###S##$+,,,,,,,,,,,:?###$?***?*****???**?**+****????*???***??**??**???**????????????????$??SS*:,,,,,,,:;;*+?###
+;;+;+**+::++?***?SS##S$$SS$$S##S$?$#####$#$+:,,,,,,,,,,,,,,;S##S$???****??????????????????????????????????????????????????$SS?$SS$;,,,,,,,;;;??$$$SS#
;+;*++*;::;;*??***?*?$$SS$$S#SSSSSS$?$S##S+,,,,,,,,,,,,,,,,,,;?S@#$$$$?+$?$$$$$$$$$$$$?$$$$$$$$$$$$$$?$$$$$$$$$$$$$$$$$$$$$S?SSS$;,,,,,:,,:?SS##S##S##
;+?$?+**;*S$*S$$$?****?$??$$$S#SSS###S$?+:,,,,,,,,,;;,,,,,,,,:+;*$##SSSS$S$SSSSSSSS$$SSSSSSSS$*;;*SSSS$SSSSSSSSSSSSSSSSSS??$$$?;,,:;:;+??$SS#@@@@###S$
:+@@#?##S*##**?$$S$?$????******+*???**;:,,,,,,,,,:;;;,,,,,,,,,,++:;+$SSS#S#SSSSSS##S#SS#S##$*:,,,,:?S##S##S###########S$?**+;:,,,:++***?$####@##S?**++
,:S@#S#$#$S##?+*?$$$$????*??$*+?*;,,,,,,,,,,,,:::;+;:,,,,,,,,,,,++:,,::;*S##S###S###SS##S$+:,:,,,:,,;?S#######S##SS??*+++;:,,,,,:,*?$S#####S$?*++++;::
,,:$@#SS###SS##$**$$$SS$?+?$$?+;,,,,,,,,,,,,,,;;:::+*:,,:,,,,,,,,:+;,;+;;;*$########$???*++*S??::**;:;:+$S##S$***+++++;::,:,++;+*+**?????*++**?$$+:;++
,,,,+$SS##@##S#S$++;;;++*;:::,,,,,,,,,,,,++;,:;+;+;++;;:+;,,;;:,:,,;::+;::::+?S#@##S$SSS?**$S##?SSSSSS???$SS$+++++;;::++++?+?*??$?***+;;;**?$$?+;;++++
,,,,,,,:;;++;;::,,,,,,,,,,,;::::,,,,,,,,;+;:::;+*+*;,,:;:++;+*+;+:,,;++*+:,,:::;*??$####@@#$$S#SSSSS$$$$$???*;:::;;;;;+?$$$$??*++;;;++++*?$?+;;;+++++*
,,,,,,,,,,,,,,,,,:;:,,,,,,,+;;;;;:,,;;:;+;;++++++::+;;;++++*+?$*;+:,,;***?;:*?+:::;+++++**??????****++;;;:;::+++?$???++**++;;;;;++*??$S##$*;;+++++*?$$
,,,,:;;;;:,,,,,,,;;;:,,,,,,:;+;;;;:,:;++;;++;;::,,,;++++;+?****$*++;;::+?#S*:+$S*;+$?*;;:,,::::::;:;::;;;:;++;;+;;::::,:;*????????$S##S$+;;++++***??$$
,,,:;+*++++;:::,;++;;,,,,::;+;;::+;,,,,,,,:;;;,,,,,,;+*;::?S??*+?*+*+?;,:?#@$;?#S$**SS$*+;::,;;;::,,,,:,,:;+;:,::::;;;;;;+*?$$$$$$$$?*;,;+*??$$SSSSSS#
,,,,,,;;:;***+++++;;;$#+:;;;:,:+++;,,,,,,,;*++*++:+;+++:,,$S#S?*++;*??$;:::*SS?####$?$##$*++;::;++;;::;;+;;+???*++;+**???$$$$$$$$$?+:,,,::;+*?$?????**
,,,,,,,,:::**;+:;;;;:?#$+;*;,:;++;,:::+:,:;****+++;+*::;:,:S##?S#?++?$$??*;;:;*?S####$$$##S?*+;;:;*??*+;;++***?$$$$$???$$$SSSSSS$+:::;;;++++++*??$S###
,,,,:?$*;+*?S##*??;#$$S$?+++;+;::+;;+++*:,;;+**+*+;+:+*+;:,;S#S$##S*;+$$?*$$$?+;+*?S###SSS###S$?+;;*$S#S$??*?SSSSSS$$$SSSSSSS$+::;++++++**$SS####SSS$?
,,:*##S#$;SS$SSSSS$SS$$*;;++;:;+++;+;:++::*++++*?;;?**++;+:,;$SS$S##$**$$$$$$$$$???**?$$SS#######S$?*+*?S#@#SS$$?$#$$$?$*+?+;,,,;;;+*?????????*+++++**
,;S#S$?*$SS#SSSSSSS+;++;;+:+??++;:;++::++;***+;S@???*??*+:;;;:*#S$S#SSS?***?$??$$$$$$$$++**??$$SSSS##S$?**$S??SS*$S*$S$?+:,,:;+++++++++****????$$#####
:SS$S#?+*$S$S##?*SS?::?#$S?+##SS;++;+**+*+;;;:,+SSS#SSS?;;**+;,;$S#S##S#S?*+++***?????$*;;;;;;;;;;;+++***?+$?*$$*$$++;:,::;;*$SSSSSSSSSSSS############
+SSS#$S###S?##S?S##$$S?#S#SSSS##$S?,::::,;;,,,,,;;;?SS#??*$$;,,,,:+S##SS###$?************+++**++++++*+++++*+**;;;::::;;+**????$$SS#####SS$$?**+++*++**
*SS#S?#S##S?##S$#SS#$##SS#SS$SSS#$;;:,:+;?#$;:::?S*+++$#$$S#S:;+::::;?SSSS##SS$$?**********??*????????$?*++;:,;++**?$SSSS######SSSS?*;::,,,::::;;;;:::
[0m(venv) diana@diana-m:~/Documents/art-lib$ exit

Script done on 2022-01-15 20:00:08+02:00 [COMMAND_EXIT_CODE="0"]
